2025-06-05 14:41:32,077 - __main__ - INFO - Leyendo datos de demanda desde /Users/mac01/Documents/JoseTapia/AutomatizacionPyomo/data/datos_iniciales.xlsx (hoja: DEMANDA)
2025-06-05 14:41:32,359 - __main__ - INFO - Datos de demanda leídos correctamente: 43824 registros
2025-06-05 14:41:42,856 - core.evaluacion - INFO - Se leyeron 69072 ofertas, de las cuales 50712 son válidas para optimización
2025-06-05 14:41:42,857 - optimizacion.modelo - INFO - Construyendo modelo de optimización...
2025-06-05 14:41:49,593 - optimizacion.modelo - INFO - Modelo construido con 50712 combinaciones de ofertas válidas
2025-06-05 14:41:49,608 - optimizacion.solver - INFO - Resolviendo modelo de optimización (tiempo límite: 600 segundos)...
2025-06-05 14:41:49,609 - optimizacion.solver - INFO - Ruta del solver CBC: /usr/local/bin/cbc
2025-06-05 14:42:06,610 - optimizacion.solver - INFO - Se encontró una solución óptima
2025-06-05 14:42:06,858 - optimizacion.solver - INFO - Valor de la función objetivo: 3.928583237271314e+19
2025-06-05 14:42:06,858 - optimizacion.modelo - INFO - Extrayendo resultados del modelo...
2025-06-05 14:46:56,918 - optimizacion.modelo - INFO - Demanda total: 5683650354.00 kWh
2025-06-05 14:46:56,919 - optimizacion.modelo - INFO - Energía asignada total: 1755067155.00 kWh
2025-06-05 14:46:56,919 - optimizacion.modelo - INFO -   - OP1_Wide- EPM: 916608868.00 kWh (IT1: 916608868.00)
2025-06-05 14:46:56,919 - optimizacion.modelo - INFO -   - OP1_Wide -AES: 415000000.00 kWh (IT1: 415000000.00)
2025-06-05 14:46:56,919 - optimizacion.modelo - INFO -   - OP1_Wide -ISAGEN: 423458287.00 kWh (IT1: 423458287.00)
2025-06-05 14:46:56,920 - optimizacion.modelo - INFO - Déficit total: 3928583199.00 kWh
2025-06-05 14:46:56,920 - optimizacion.modelo - INFO - Porcentaje cubierto: 30.88%
2025-06-05 14:46:56,920 - optimizacion.modelo - INFO - Porcentaje déficit: 69.12%
2025-06-05 14:46:56,930 - core.evaluacion - INFO - Exportando resultados al archivo: /Users/mac01/Documents/JoseTapia/AutomatizacionPyomo/output/resultado_ofertas.xlsx
2025-06-05 14:47:25,471 - core.evaluacion - INFO - Hoja DA exportada para oferta completamente rechazada: OP1_Wide- BTG
2025-06-05 14:47:26,383 - core.evaluacion - INFO - Hoja ENA exportada para oferta completamente rechazada: OP1_Wide- BTG
2025-06-05 14:47:26,618 - core.evaluacion - INFO - Hoja exportada: DA-OP1_Wide -ISAGEN
2025-06-05 14:47:26,846 - core.evaluacion - INFO - Hoja exportada: ENA-OP1_Wide -ISAGEN
2025-06-05 14:47:27,082 - core.evaluacion - INFO - Hoja exportada: DA-OP1_Wide- EPM
2025-06-05 14:47:27,310 - core.evaluacion - INFO - Hoja exportada: ENA-OP1_Wide- EPM
2025-06-05 14:47:27,545 - core.evaluacion - INFO - Hoja exportada: DA-OP1_Wide -AES
2025-06-05 14:47:28,555 - core.evaluacion - INFO - Hoja exportada: ENA-OP1_Wide -AES
2025-06-05 14:47:28,781 - core.evaluacion - INFO - Hoja exportada: DEMANDA FALTANTE
2025-06-05 14:47:28,787 - core.evaluacion - INFO - Hoja exportada: RESUMEN EJECUTIVO
2025-06-05 14:47:28,793 - core.evaluacion - INFO - Hoja de resumen de rechazos por precio exportada
2025-06-05 14:47:44,421 - core.evaluacion - INFO - Hoja exportada a análisis: DA-OP1_Wide -AES-IT1
2025-06-05 14:47:44,661 - core.evaluacion - INFO - Hoja exportada a análisis: ENA-OP1_Wide -AES-IT1
2025-06-05 14:47:44,890 - core.evaluacion - INFO - Hoja exportada a análisis: DA-OP1_Wide -ISAGEN-IT1
2025-06-05 14:47:45,128 - core.evaluacion - INFO - Hoja exportada a análisis: ENA-OP1_Wide -ISAGEN-IT1
2025-06-05 14:47:45,354 - core.evaluacion - INFO - Hoja exportada a análisis: DA-OP1_Wide- EPM-IT1
2025-06-05 14:47:45,582 - core.evaluacion - INFO - Hoja exportada a análisis: ENA-OP1_Wide- EPM-IT1
2025-06-05 14:47:45,808 - core.evaluacion - INFO - Hoja DEMANDA FALTANTE exportada a análisis
2025-06-05 14:47:45,814 - core.evaluacion - INFO - Hoja RESUMEN EJECUTIVO exportada a análisis
2025-06-05 14:47:45,814 - core.evaluacion - INFO - Análisis detallado exportado a: /Users/mac01/Documents/JoseTapia/AutomatizacionPyomo/output/resultado_ofertas_analisis.xlsx
2025-06-05 14:47:49,621 - core.visualizaciones.reportes - INFO - Generando reporte simplificado (solo HTML)
2025-06-05 14:47:49,704 - core.visualizaciones.reportes - INFO - Informe interactivo generado: /Users/mac01/Documents/JoseTapia/AutomatizacionPyomo/output/informe_optimizacion_ofertas.html
2025-06-05 16:02:30,382 - __main__ - INFO - Leyendo datos de demanda desde /Users/mac01/Documents/JoseTapia/AutomatizacionPyomo/data/datos_iniciales.xlsx (hoja: DEMANDA)
2025-06-05 16:02:30,692 - __main__ - INFO - Datos de demanda leídos correctamente: 43824 registros
2025-06-05 16:02:42,149 - core.evaluacion - INFO - Se leyeron 69072 ofertas, de las cuales 50712 son válidas para optimización
2025-06-05 16:02:42,151 - optimizacion.modelo - INFO - Construyendo modelo de optimización...
2025-06-05 16:02:49,551 - optimizacion.modelo - INFO - Modelo construido con 50712 combinaciones de ofertas válidas
2025-06-05 16:02:49,558 - optimizacion.solver - INFO - Resolviendo modelo de optimización (tiempo límite: 600 segundos)...
2025-06-05 16:02:49,558 - optimizacion.solver - INFO - Ruta del solver CBC: /usr/local/bin/cbc
2025-06-05 16:03:08,815 - optimizacion.solver - INFO - Se encontró una solución óptima
2025-06-05 16:03:09,080 - optimizacion.solver - INFO - Valor de la función objetivo: 3.928583237271314e+19
2025-06-05 16:03:09,081 - optimizacion.modelo - INFO - Extrayendo resultados del modelo...
2025-06-05 16:08:24,280 - optimizacion.modelo - INFO - Demanda total: 5683650354.00 kWh
2025-06-05 16:08:24,280 - optimizacion.modelo - INFO - Energía asignada total: 1755067155.00 kWh
2025-06-05 16:08:24,280 - optimizacion.modelo - INFO -   - OP1_Wide- EPM: 916608868.00 kWh (IT1: 916608868.00)
2025-06-05 16:08:24,280 - optimizacion.modelo - INFO -   - OP1_Wide -AES: 415000000.00 kWh (IT1: 415000000.00)
2025-06-05 16:08:24,280 - optimizacion.modelo - INFO -   - OP1_Wide -ISAGEN: 423458287.00 kWh (IT1: 423458287.00)
2025-06-05 16:08:24,280 - optimizacion.modelo - INFO - Déficit total: 3928583199.00 kWh
2025-06-05 16:08:24,280 - optimizacion.modelo - INFO - Porcentaje cubierto: 30.88%
2025-06-05 16:08:24,280 - optimizacion.modelo - INFO - Porcentaje déficit: 69.12%
2025-06-05 16:08:24,284 - core.evaluacion - INFO - Exportando resultados al archivo: /Users/mac01/Documents/JoseTapia/AutomatizacionPyomo/output/resultado_ofertas.xlsx
2025-06-05 16:08:56,541 - core.evaluacion - INFO - Hoja DA exportada para oferta completamente rechazada: OP1_Wide- BTG
2025-06-05 16:08:58,279 - core.evaluacion - INFO - Hoja ENA exportada para oferta completamente rechazada: OP1_Wide- BTG
2025-06-05 16:08:58,537 - core.evaluacion - INFO - Hoja exportada: DA-OP1_Wide -AES
2025-06-05 16:08:58,800 - core.evaluacion - INFO - Hoja exportada: ENA-OP1_Wide -AES
2025-06-05 16:08:59,066 - core.evaluacion - INFO - Hoja exportada: DA-OP1_Wide- EPM
2025-06-05 16:08:59,329 - core.evaluacion - INFO - Hoja exportada: ENA-OP1_Wide- EPM
2025-06-05 16:08:59,596 - core.evaluacion - INFO - Hoja exportada: DA-OP1_Wide -ISAGEN
2025-06-05 16:09:00,754 - core.evaluacion - INFO - Hoja exportada: ENA-OP1_Wide -ISAGEN
2025-06-05 16:09:01,016 - core.evaluacion - INFO - Hoja exportada: DEMANDA FALTANTE
2025-06-05 16:09:01,024 - core.evaluacion - INFO - Hoja exportada: RESUMEN EJECUTIVO
2025-06-05 16:09:01,038 - core.evaluacion - INFO - Hoja de resumen de rechazos por precio exportada
2025-06-05 16:09:18,107 - core.evaluacion - INFO - Hoja exportada a análisis: DA-OP1_Wide -AES-IT1
2025-06-05 16:09:18,358 - core.evaluacion - INFO - Hoja exportada a análisis: ENA-OP1_Wide -AES-IT1
2025-06-05 16:09:18,606 - core.evaluacion - INFO - Hoja exportada a análisis: DA-OP1_Wide -ISAGEN-IT1
2025-06-05 16:09:18,863 - core.evaluacion - INFO - Hoja exportada a análisis: ENA-OP1_Wide -ISAGEN-IT1
2025-06-05 16:09:19,137 - core.evaluacion - INFO - Hoja exportada a análisis: DA-OP1_Wide- EPM-IT1
2025-06-05 16:09:19,399 - core.evaluacion - INFO - Hoja exportada a análisis: ENA-OP1_Wide- EPM-IT1
2025-06-05 16:09:19,655 - core.evaluacion - INFO - Hoja DEMANDA FALTANTE exportada a análisis
2025-06-05 16:09:19,661 - core.evaluacion - INFO - Hoja RESUMEN EJECUTIVO exportada a análisis
2025-06-05 16:09:19,661 - core.evaluacion - INFO - Análisis detallado exportado a: /Users/mac01/Documents/JoseTapia/AutomatizacionPyomo/output/resultado_ofertas_analisis.xlsx
2025-06-05 16:09:23,759 - core.visualizaciones.reportes - INFO - Generando reporte completo (VERSIÓN SIMPLIFICADA)
2025-06-05 16:10:08,442 - __main__ - INFO - Leyendo datos de demanda desde /Users/mac01/Documents/JoseTapia/AutomatizacionPyomo/data/datos_iniciales.xlsx (hoja: DEMANDA)
2025-06-05 16:10:08,729 - __main__ - INFO - Datos de demanda leídos correctamente: 43824 registros
2025-06-05 16:10:20,050 - core.evaluacion - INFO - Se leyeron 69072 ofertas, de las cuales 50712 son válidas para optimización
2025-06-05 16:10:20,052 - optimizacion.modelo - INFO - Construyendo modelo de optimización...
2025-06-05 16:10:27,360 - optimizacion.modelo - INFO - Modelo construido con 50712 combinaciones de ofertas válidas
2025-06-05 16:10:27,365 - optimizacion.solver - INFO - Resolviendo modelo de optimización (tiempo límite: 600 segundos)...
2025-06-05 16:10:27,365 - optimizacion.solver - INFO - Ruta del solver CBC: /usr/local/bin/cbc
2025-06-05 16:10:46,346 - optimizacion.solver - INFO - Se encontró una solución óptima
2025-06-05 16:10:46,629 - optimizacion.solver - INFO - Valor de la función objetivo: 3.928583237271314e+19
2025-06-05 16:10:46,630 - optimizacion.modelo - INFO - Extrayendo resultados del modelo...
2025-06-05 16:15:57,083 - optimizacion.modelo - INFO - Demanda total: 5683650354.00 kWh
2025-06-05 16:15:57,083 - optimizacion.modelo - INFO - Energía asignada total: 1755067155.00 kWh
2025-06-05 16:15:57,083 - optimizacion.modelo - INFO -   - OP1_Wide- EPM: 916608868.00 kWh (IT1: 916608868.00)
2025-06-05 16:15:57,083 - optimizacion.modelo - INFO -   - OP1_Wide -AES: 415000000.00 kWh (IT1: 415000000.00)
2025-06-05 16:15:57,083 - optimizacion.modelo - INFO -   - OP1_Wide -ISAGEN: 423458287.00 kWh (IT1: 423458287.00)
2025-06-05 16:15:57,084 - optimizacion.modelo - INFO - Déficit total: 3928583199.00 kWh
2025-06-05 16:15:57,084 - optimizacion.modelo - INFO - Porcentaje cubierto: 30.88%
2025-06-05 16:15:57,084 - optimizacion.modelo - INFO - Porcentaje déficit: 69.12%
2025-06-05 16:15:57,087 - core.evaluacion - INFO - Exportando resultados al archivo: /Users/mac01/Documents/JoseTapia/AutomatizacionPyomo/output/resultado_ofertas.xlsx
2025-06-05 16:16:27,807 - core.evaluacion - INFO - Hoja exportada: DA-OP1_Wide- EPM
2025-06-05 16:16:28,149 - core.evaluacion - INFO - Hoja exportada: ENA-OP1_Wide- EPM
2025-06-05 16:16:28,402 - core.evaluacion - INFO - Hoja exportada: DA-OP1_Wide -AES
2025-06-05 16:16:28,658 - core.evaluacion - INFO - Hoja exportada: ENA-OP1_Wide -AES
2025-06-05 16:16:28,785 - core.evaluacion - INFO - Hoja DA exportada para oferta completamente rechazada: OP1_Wide- BTG
2025-06-05 16:16:30,195 - core.evaluacion - INFO - Hoja ENA exportada para oferta completamente rechazada: OP1_Wide- BTG
2025-06-05 16:16:30,480 - core.evaluacion - INFO - Hoja exportada: DA-OP1_Wide -ISAGEN
2025-06-05 16:16:31,638 - core.evaluacion - INFO - Hoja exportada: ENA-OP1_Wide -ISAGEN
2025-06-05 16:16:31,885 - core.evaluacion - INFO - Hoja exportada: DEMANDA FALTANTE
2025-06-05 16:16:31,892 - core.evaluacion - INFO - Hoja exportada: RESUMEN EJECUTIVO
2025-06-05 16:16:31,900 - core.evaluacion - INFO - Hoja de resumen de rechazos por precio exportada
2025-06-05 16:16:48,676 - core.evaluacion - INFO - Hoja exportada a análisis: DA-OP1_Wide -AES-IT1
2025-06-05 16:16:48,922 - core.evaluacion - INFO - Hoja exportada a análisis: ENA-OP1_Wide -AES-IT1
2025-06-05 16:16:49,165 - core.evaluacion - INFO - Hoja exportada a análisis: DA-OP1_Wide -ISAGEN-IT1
2025-06-05 16:16:49,415 - core.evaluacion - INFO - Hoja exportada a análisis: ENA-OP1_Wide -ISAGEN-IT1
2025-06-05 16:16:49,655 - core.evaluacion - INFO - Hoja exportada a análisis: DA-OP1_Wide- EPM-IT1
2025-06-05 16:16:49,903 - core.evaluacion - INFO - Hoja exportada a análisis: ENA-OP1_Wide- EPM-IT1
2025-06-05 16:16:50,152 - core.evaluacion - INFO - Hoja DEMANDA FALTANTE exportada a análisis
2025-06-05 16:16:50,159 - core.evaluacion - INFO - Hoja RESUMEN EJECUTIVO exportada a análisis
2025-06-05 16:16:50,159 - core.evaluacion - INFO - Análisis detallado exportado a: /Users/mac01/Documents/JoseTapia/AutomatizacionPyomo/output/resultado_ofertas_analisis.xlsx
2025-06-05 16:16:53,057 - core.visualizaciones.reportes - INFO - Generando reporte completo (VERSIÓN SIMPLIFICADA)
